= Black originalMainTime 1e+30 mainTimeLeft 1e+30 inOvertime 0 minRecMax 0 4.05515e+27 2e+29
White originalMainTime 1e+30 mainTimeLeft 1e+30 inOvertime 0 minRecMax 0 4.05515e+27 2e+29

= 

= Black originalMainTime 60 mainTimeLeft 60 inOvertime 0 minRecMax 0 0.119627 10.8
White originalMainTime 60 mainTimeLeft 60 inOvertime 0 minRecMax 0 0.119627 10.8

= 

= 

= Black originalMainTime 60 mainTimeLeft 40 inOvertime 0 minRecMax 0 0.0790754 6.8
White originalMainTime 60 mainTimeLeft 50 inOvertime 0 minRecMax 0 0.0993512 8.8

= 

= Black originalMainTime 60 originalNumPeriods 1 numStonesPerPeriod 3 perPeriodTime 10 mainTimeLeft 60 inOvertime 0 numPeriodsLeftIncludingCurrent 1 minRecMax 0 2.68092 15
White originalMainTime 60 originalNumPeriods 1 numStonesPerPeriod 3 perPeriodTime 10 mainTimeLeft 60 inOvertime 0 numPeriodsLeftIncludingCurrent 1 minRecMax 0 2.68092 15

= 

= 

= Black originalMainTime 60 originalNumPeriods 1 numStonesPerPeriod 3 perPeriodTime 10 mainTimeLeft 40 inOvertime 0 numPeriodsLeftIncludingCurrent 1 minRecMax 0 2.56506 11
White originalMainTime 60 originalNumPeriods 1 numStonesPerPeriod 3 perPeriodTime 10 mainTimeLeft 0 inOvertime 1 numPeriodsLeftIncludingCurrent 1 numStonesLeftInPeriod 2 timeLeftInPeriod 15 minRecMax 0 6.5 7.57143

= 

= 

= Black originalMainTime 60 originalNumPeriods 1 numStonesPerPeriod 3 perPeriodTime 10 mainTimeLeft -5 inOvertime 0 numPeriodsLeftIncludingCurrent 1 minRecMax 0 2 2
White originalMainTime 60 originalNumPeriods 1 numStonesPerPeriod 3 perPeriodTime 10 mainTimeLeft 0 inOvertime 1 numPeriodsLeftIncludingCurrent 1 numStonesLeftInPeriod 1 timeLeftInPeriod -5 minRecMax 0 0 0

= 

= Black originalMainTime 1e+30 mainTimeLeft 1e+30 inOvertime 0 minRecMax 0 4.05515e+27 2e+29
White originalMainTime 1e+30 mainTimeLeft 1e+30 inOvertime 0 minRecMax 0 4.05515e+27 2e+29

= 

= Black originalMainTime 0 originalNumPeriods 1 numStonesPerPeriod 1 perPeriodTime 10 mainTimeLeft 0 inOvertime 0 numPeriodsLeftIncludingCurrent 1 minRecMax 0 9 9
White originalMainTime 0 originalNumPeriods 1 numStonesPerPeriod 1 perPeriodTime 10 mainTimeLeft 0 inOvertime 0 numPeriodsLeftIncludingCurrent 1 minRecMax 0 9 9

= 

= 

= Black originalMainTime 0 originalNumPeriods 1 numStonesPerPeriod 1 perPeriodTime 10 mainTimeLeft 0 inOvertime 0 numPeriodsLeftIncludingCurrent 1 minRecMax 0 9 9
White originalMainTime 0 originalNumPeriods 1 numStonesPerPeriod 1 perPeriodTime 10 mainTimeLeft 0 inOvertime 1 numPeriodsLeftIncludingCurrent 1 numStonesLeftInPeriod 1 timeLeftInPeriod -5 minRecMax 0 0 0

= 

= Black originalMainTime 1e+30 mainTimeLeft 1e+30 inOvertime 0 minRecMax 0 4.05515e+27 2e+29
White originalMainTime 1e+30 mainTimeLeft 1e+30 inOvertime 0 minRecMax 0 4.05515e+27 2e+29

= 

= Black originalMainTime 60 mainTimeLeft 60 inOvertime 0 minRecMax 0 0.119627 10.8
White originalMainTime 60 mainTimeLeft 60 inOvertime 0 minRecMax 0 0.119627 10.8

= 

= 

= Black originalMainTime 60 mainTimeLeft 40 inOvertime 0 minRecMax 0 0.0790754 6.8
White originalMainTime 60 mainTimeLeft 50 inOvertime 0 minRecMax 0 0.0993512 8.8

= 

= Black originalMainTime 5 originalNumPeriods 1 numStonesPerPeriod 3 perPeriodTime 10 mainTimeLeft 5 inOvertime 0 numPeriodsLeftIncludingCurrent 1 minRecMax 0 2.3623 4
White originalMainTime 5 originalNumPeriods 1 numStonesPerPeriod 3 perPeriodTime 10 mainTimeLeft 5 inOvertime 0 numPeriodsLeftIncludingCurrent 1 minRecMax 0 2.3623 4

= 

= 

= Black originalMainTime 5 originalNumPeriods 1 numStonesPerPeriod 3 perPeriodTime 10 mainTimeLeft 0 inOvertime 1 numPeriodsLeftIncludingCurrent 1 numStonesLeftInPeriod 1 timeLeftInPeriod 2 minRecMax 1 1 1
White originalMainTime 5 originalNumPeriods 1 numStonesPerPeriod 3 perPeriodTime 10 mainTimeLeft 0 inOvertime 1 numPeriodsLeftIncludingCurrent 1 numStonesLeftInPeriod 2 timeLeftInPeriod 4 minRecMax 0 1 1.28571

= 

= Black originalMainTime 20 originalNumPeriods 5 numStonesPerPeriod 1 perPeriodTime 5 mainTimeLeft 20 inOvertime 0 numPeriodsLeftIncludingCurrent 5 minRecMax 0 4.17379 10
White originalMainTime 20 originalNumPeriods 5 numStonesPerPeriod 1 perPeriodTime 5 mainTimeLeft 20 inOvertime 0 numPeriodsLeftIncludingCurrent 5 minRecMax 0 4.17379 10

= 

= 

= Black originalMainTime 20 originalNumPeriods 5 numStonesPerPeriod 1 perPeriodTime 5 mainTimeLeft 0 inOvertime 1 numPeriodsLeftIncludingCurrent 5 numStonesLeftInPeriod 1 timeLeftInPeriod 10 minRecMax 0 4.0869 7
White originalMainTime 20 originalNumPeriods 5 numStonesPerPeriod 1 perPeriodTime 5 mainTimeLeft 0 inOvertime 1 numPeriodsLeftIncludingCurrent 5 numStonesLeftInPeriod 1 minRecMax 0 4.02897 5

= 

= 

= Black originalMainTime 20 originalNumPeriods 5 numStonesPerPeriod 1 perPeriodTime 5 mainTimeLeft 0 inOvertime 1 numPeriodsLeftIncludingCurrent 2 numStonesLeftInPeriod 1 timeLeftInPeriod 10 minRecMax 9 9 9
White originalMainTime 20 originalNumPeriods 5 numStonesPerPeriod 1 perPeriodTime 5 mainTimeLeft 0 inOvertime 1 numPeriodsLeftIncludingCurrent 2 numStonesLeftInPeriod 1 minRecMax 0 0 0

= 

= 

= Black originalMainTime 20 originalNumPeriods 5 numStonesPerPeriod 1 perPeriodTime 5 mainTimeLeft 10 inOvertime 0 numPeriodsLeftIncludingCurrent 5 minRecMax 0 4.11586 8
White originalMainTime 20 originalNumPeriods 5 numStonesPerPeriod 1 perPeriodTime 5 mainTimeLeft 0 inOvertime 0 numPeriodsLeftIncludingCurrent 5 minRecMax 0 4.05793 6

